chongtingho ~
$ chmod 400 udacitykeypair.pem
chongtingho ~
$ ssh -i "udacitykeypair.pem" ec2-user@ec2-18-221-87-135.us-east-2.compute.amazonaws.com
The authenticity of host 'ec2-18-221-87-135.us-east-2.compute.amazonaws.com (18.221.87.135)' can't be established.
ECDSA key fingerprint is SHA256:XkDUrK3yWiXliwqv9fbUA1tv80GFv8hQADnb6Kht2Ds.
Are you sure you want to continue connecting (yes/no)? yes
Warning: Permanently added 'ec2-18-221-87-135.us-east-2.compute.amazonaws.com,18.221.87.135' (ECDSA) to the list of known hosts.

       __|  __|_  )
       _|  (     /   Amazon Linux 2 AMI
      ___|\___|___|

https://aws.amazon.com/amazon-linux-2/
4 package(s) needed for security, out of 8 available
Run "sudo yum update" to apply all updates.
-bash: warning: setlocale: LC_CTYPE: cannot change locale (UTF-8): No such file or directory
[ec2-user@ip-10-1-10-166 ~]$ yum install mysql
Failed to set locale, defaulting to C
Loaded plugins: extras_suggestions, langpacks, priorities, update-motd
You need to be root to perform this command.
[ec2-user@ip-10-1-10-166 ~]$ sudo su -
[root@ip-10-1-10-166 ~]# yum install mysql
Loaded plugins: extras_suggestions, langpacks, priorities, update-motd
amzn2-core                                                                                                                 | 3.7 kB  00:00:00
Resolving Dependencies
--> Running transaction check
---> Package mariadb.x86_64 1:5.5.64-1.amzn2 will be installed
--> Finished Dependency Resolution

Dependencies Resolved

==================================================================================================================================================
 Package                         Arch                           Version                                  Repository                          Size
==================================================================================================================================================
Installing:
 mariadb                         x86_64                         1:5.5.64-1.amzn2                         amzn2-core                         9.0 M

Transaction Summary
==================================================================================================================================================
Install  1 Package

Total download size: 9.0 M
Installed size: 49 M
Is this ok [y/d/N]: y
Downloading packages:
mariadb-5.5.64-1.amzn2.x86_64.rpm                                                                                          | 9.0 MB  00:00:00
Running transaction check
Running transaction test
Transaction test succeeded
Running transaction
  Installing : 1:mariadb-5.5.64-1.amzn2.x86_64                                                                                                1/1
  Verifying  : 1:mariadb-5.5.64-1.amzn2.x86_64                                                                                                1/1

Installed:
  mariadb.x86_64 1:5.5.64-1.amzn2

Complete!
[root@ip-10-1-10-166 ~]# mysql -h database-primary.cokupudgtpj4.us-east-2.rds.amazonaws.com -P 3306 -u admin -p
Enter password:
Welcome to the MariaDB monitor.  Commands end with ; or \g.
Your MySQL connection id is 420
Server version: 8.0.17 Source distribution

Copyright (c) 2000, 2018, Oracle, MariaDB Corporation Ab and others.

Type 'help;' or '\h' for help. Type '\c' to clear the current input statement.


MySQL [(none)]> SHOW DATABASES;
+--------------------+
| Database           |
+--------------------+
| information_schema |
| mysql              |
| performance_schema |
| udacity            |
+--------------------+
4 rows in set (0.02 sec)

MySQL [(none)]> USE udacity;
Database changed
MySQL [udacity]> CREATE TABLE pet (name VARCHAR(20), owner VARCHAR(20),
    ->        species VARCHAR(20), sex CHAR(1), birth DATE, death DATE);
Query OK, 0 rows affected (0.10 sec)

MySQL [udacity]> SHOW TABLES;
+-------------------+
| Tables_in_udacity |
+-------------------+
| pet               |
+-------------------+
1 row in set (0.00 sec)

MySQL [udacity]> DESCRIBE pet;
+---------+-------------+------+-----+---------+-------+
| Field   | Type        | Null | Key | Default | Extra |
+---------+-------------+------+-----+---------+-------+
| name    | varchar(20) | YES  |     | NULL    |       |
| owner   | varchar(20) | YES  |     | NULL    |       |
| species | varchar(20) | YES  |     | NULL    |       |
| sex     | char(1)     | YES  |     | NULL    |       |
| birth   | date        | YES  |     | NULL    |       |
| death   | date        | YES  |     | NULL    |       |
+---------+-------------+------+-----+---------+-------+
6 rows in set (0.01 sec)

MySQL [udacity]> INSERT INTO pet
    ->        VALUES ('Puffball','Diane','hamster','f','1999-03-30',NULL);
Query OK, 1 row affected (0.01 sec)

MySQL [udacity]> INSERT INTO pet
    -> VALUES ('Mochi','Sukey','rabbit','f','1992-12-17',NULL);
Query OK, 1 row affected (0.01 sec)

MySQL [udacity]> SELECT * FROM pet;
+----------+-------+---------+------+------------+-------+
| name     | owner | species | sex  | birth      | death |
+----------+-------+---------+------+------------+-------+
| Puffball | Diane | hamster | f    | 1999-03-30 | NULL  |
| Mochi    | Sukey | rabbit  | f    | 1992-12-17 | NULL  |
+----------+-------+---------+------+------------+-------+
2 rows in set (0.00 sec)
